// Jest Snapshot v1, https://goo.gl/fbAQLP

exports[`Pruebas en <TodoListItem /> debe de mostra el componente  1`] = `
<li
  className="list-group-item"
  key="1"
>
  <p
    onClick={[Function]}
  >
    2
    . 
    aprender react
     
  </p>
  <button
    className="btn btn-danger"
    onClick={[Function]}
  >
    Borrar
  </button>
</li>
`;
