// Jest Snapshot v1, https://goo.gl/fbAQLP

exports[`Preubas en <TodoApp /> debe de mostrase correctamente 1`] = `
<div>
  <h1>
     (
    0
    )
  </h1>
  <hr />
  <div
    className="row"
  >
    <div
      className="col-7"
    >
      <TodoList
        handleDelete={[Function]}
        handleToggle={[Function]}
        state={Array []}
      />
    </div>
    <div
      className="col-5"
    >
      <TodoAdd
        handleAddTodo={[Function]}
      />
    </div>
  </div>
</div>
`;
