// Jest Snapshot v1, https://goo.gl/fbAQLP

exports[`Pruebas en <AppRouter/> de de mostrarse el correctamente 1`] = `<AppRouter />`;
